// Jest Snapshot v1, https://goo.gl/fbAQLP

exports[`should render the whole app with the snapshot 1`] = `<head />`;
